[root@node21 ~]# fdisk /dev/vdb 
欢迎使用 fdisk (util-linux 2.23.2)。

更改将停留在内存中，直到您决定将更改写入磁盘。
使用写入命令前请三思。

Device does not contain a recognized partition table
使用磁盘标识符 0x849a30a4 创建新的 DOS 磁盘标签。

命令(输入 m 获取帮助)：n
Partition type:
   p   primary (0 primary, 0 extended, 4 free)
   e   extended
Select (default p): p
分区号 (1-4，默认 1)：
起始 扇区 (2048-41943039，默认为 2048)：
将使用默认值 2048
Last 扇区, +扇区 or +size{K,M,G} (2048-41943039，默认为 41943039)：
将使用默认值 41943039
分区 1 已设置为 Linux 类型，大小设为 20 GiB

命令(输入 m 获取帮助)：w
The partition table has been altered!

Calling ioctl() to re-read partition table.
正在同步磁盘。


格式化
[root@node21 ~]# mkfs.ext4 /dev/vdb
mke2fs 1.42.9 (28-Dec-2013)
Discarding device blocks: 完成                            
文件系统标签=
OS type: Linux
块大小=4096 (log=2)
分块大小=4096 (log=2)
Stride=0 blocks, Stripe width=0 blocks
1310720 inodes, 5242880 blocks
262144 blocks (5.00%) reserved for the super user
第一个数据块=0
Maximum filesystem blocks=2153775104
160 block groups
32768 blocks per group, 32768 fragments per group
8192 inodes per group
Superblock backups stored on blocks: 
	32768, 98304, 163840, 229376, 294912, 819200, 884736, 1605632, 2654208, 
	4096000

Allocating group tables: 完成                            
正在写入inode表: 完成                            
Creating journal (32768 blocks): 完成
Writing superblocks and filesystem accounting information: 完成   



[root@master8 locatpv]# kubectl apply -f storageclass.yaml 
storageclass.storage.k8s.io/local-storage created

创建pv
[root@master8 locatpv]# kubectl apply -f localpv.yaml 
persistentvolume/local-pv created

绑定PV
[root@master8 locatpv]# kubectl apply -f localpvc.yaml 
persistentvolumeclaim/local-pvc created

[root@master8 locatpv]# kubectl get pv
NAME       CAPACITY   ACCESS MODES   RECLAIM POLICY   STATUS      CLAIM   STORAGECLASS    REASON   AGE
local-pv   20Gi       RWO            Retain           Available           local-storage            15s


[root@master8 locatpv]# kubectl get pvc
NAME        STATUS    VOLUME   CAPACITY   ACCESS MODES   STORAGECLASS    AGE
local-pvc   Pending                                      local-storage   5s


[root@master8 locatpv]# kubectl apply -f test-ds.yaml 
deployment.apps/webss-ds created
service/svc-web created

[root@master8 ~]# kubectl get pv
NAME       CAPACITY   ACCESS MODES   RECLAIM POLICY   STATUS   CLAIM               STORAGECLASS    REASON   AGE
local-pv   20Gi       RWO            Retain           Bound    default/local-pvc   local-storage            46m
[root@master8 ~]# kubectl get pvc
NAME        STATUS   VOLUME     CAPACITY   ACCESS MODES   STORAGECLASS    AGE
local-pvc   Bound    local-pv   20Gi       RWO            local-storage   46m


root@master8 ~]# kubectl get svc
NAME         TYPE        CLUSTER-IP      EXTERNAL-IP   PORT(S)       AGE
kubernetes   ClusterIP   10.96.0.1       <none>        443/TCP       6h19m
svc-web      NodePort    10.96.227.241   <none>        80:9000/TCP   28m
[root@master8 ~]# kubectl exec -it busybox2 nslookup 10.96.227.241
Server:    10.96.0.10
Address 1: 10.96.0.10 kube-dns.kube-system.svc.cluster.local

Name:      10.96.227.241
Address 1: 10.96.227.241 svc-web.default.svc.cluster.local


